Running Gradle task 'bundleRelease'...                          
Font asset "MaterialIcons-Regular.otf" was tree-shaken, reducing it from 1645184 to 8048 bytes (99.5% reduction). Tree-shaking can be disabled by providing the --no-tree-shake-icons flag when building your app.
Running Gradle task 'bundleRelease'...                             52.1s
flutter : Release app bundle 
failed to strip debug 
symbols from native 
libraries.
At line:1 char:1
+ flutter build appbundle 
2>&1 | Tee-Object -FilePath 
build_output.txt
+ 
~~~~~~~~~~~~~~~~~~~~~~~~~~~~
    + CategoryInfo           
   : NotSpecified: (Release  
   app bun...tive librarie   
 s.:String) [], RemoteExc    
eption
    + FullyQualifiedErrorId  
   : NativeCommandError
 
Please run flutter doctor 
and ensure that the Android 
toolchain does not
report any issues.

Otherwise, file an issue at h
ttps://github.com/flutter/flu
tter/issues.
